Archive member included to satisfy reference by file (symbol)

c:/program files (x86)/atmel/studio/7.0/toolchain/avr8/avr8-gnu-toolchain/bin/../lib/gcc/avr/5.4.0/../../../../avr/lib/avr5\libm.a(addsf3.o)
                              HAL/LCD/LCD_prog.o (__subsf3)
c:/program files (x86)/atmel/studio/7.0/toolchain/avr8/avr8-gnu-toolchain/bin/../lib/gcc/avr/5.4.0/../../../../avr/lib/avr5\libm.a(addsf3x.o)
                              c:/program files (x86)/atmel/studio/7.0/toolchain/avr8/avr8-gnu-toolchain/bin/../lib/gcc/avr/5.4.0/../../../../avr/lib/avr5\libm.a(addsf3.o) (__addsf3x)
c:/program files (x86)/atmel/studio/7.0/toolchain/avr8/avr8-gnu-toolchain/bin/../lib/gcc/avr/5.4.0/../../../../avr/lib/avr5\libm.a(divsf3.o)
                              HAL/SERVO_MOTOR/SERVO_MOTOR_prog.o (__divsf3)
c:/program files (x86)/atmel/studio/7.0/toolchain/avr8/avr8-gnu-toolchain/bin/../lib/gcc/avr/5.4.0/../../../../avr/lib/avr5\libm.a(divsf3x.o)
                              c:/program files (x86)/atmel/studio/7.0/toolchain/avr8/avr8-gnu-toolchain/bin/../lib/gcc/avr/5.4.0/../../../../avr/lib/avr5\libm.a(divsf3.o) (__divsf3x)
c:/program files (x86)/atmel/studio/7.0/toolchain/avr8/avr8-gnu-toolchain/bin/../lib/gcc/avr/5.4.0/../../../../avr/lib/avr5\libm.a(fixunssfsi.o)
                              HAL/LCD/LCD_prog.o (__fixunssfsi)
c:/program files (x86)/atmel/studio/7.0/toolchain/avr8/avr8-gnu-toolchain/bin/../lib/gcc/avr/5.4.0/../../../../avr/lib/avr5\libm.a(floatsisf.o)
                              HAL/LCD/LCD_prog.o (__floatunsisf)
c:/program files (x86)/atmel/studio/7.0/toolchain/avr8/avr8-gnu-toolchain/bin/../lib/gcc/avr/5.4.0/../../../../avr/lib/avr5\libm.a(fp_inf.o)
                              c:/program files (x86)/atmel/studio/7.0/toolchain/avr8/avr8-gnu-toolchain/bin/../lib/gcc/avr/5.4.0/../../../../avr/lib/avr5\libm.a(addsf3x.o) (__fp_inf)
c:/program files (x86)/atmel/studio/7.0/toolchain/avr8/avr8-gnu-toolchain/bin/../lib/gcc/avr/5.4.0/../../../../avr/lib/avr5\libm.a(fp_nan.o)
                              c:/program files (x86)/atmel/studio/7.0/toolchain/avr8/avr8-gnu-toolchain/bin/../lib/gcc/avr/5.4.0/../../../../avr/lib/avr5\libm.a(addsf3x.o) (__fp_nan)
c:/program files (x86)/atmel/studio/7.0/toolchain/avr8/avr8-gnu-toolchain/bin/../lib/gcc/avr/5.4.0/../../../../avr/lib/avr5\libm.a(fp_pscA.o)
                              c:/program files (x86)/atmel/studio/7.0/toolchain/avr8/avr8-gnu-toolchain/bin/../lib/gcc/avr/5.4.0/../../../../avr/lib/avr5\libm.a(addsf3x.o) (__fp_pscA)
c:/program files (x86)/atmel/studio/7.0/toolchain/avr8/avr8-gnu-toolchain/bin/../lib/gcc/avr/5.4.0/../../../../avr/lib/avr5\libm.a(fp_pscB.o)
                              c:/program files (x86)/atmel/studio/7.0/toolchain/avr8/avr8-gnu-toolchain/bin/../lib/gcc/avr/5.4.0/../../../../avr/lib/avr5\libm.a(addsf3x.o) (__fp_pscB)
c:/program files (x86)/atmel/studio/7.0/toolchain/avr8/avr8-gnu-toolchain/bin/../lib/gcc/avr/5.4.0/../../../../avr/lib/avr5\libm.a(fp_round.o)
                              c:/program files (x86)/atmel/studio/7.0/toolchain/avr8/avr8-gnu-toolchain/bin/../lib/gcc/avr/5.4.0/../../../../avr/lib/avr5\libm.a(addsf3.o) (__fp_round)
c:/program files (x86)/atmel/studio/7.0/toolchain/avr8/avr8-gnu-toolchain/bin/../lib/gcc/avr/5.4.0/../../../../avr/lib/avr5\libm.a(fp_split3.o)
                              c:/program files (x86)/atmel/studio/7.0/toolchain/avr8/avr8-gnu-toolchain/bin/../lib/gcc/avr/5.4.0/../../../../avr/lib/avr5\libm.a(addsf3x.o) (__fp_split3)
c:/program files (x86)/atmel/studio/7.0/toolchain/avr8/avr8-gnu-toolchain/bin/../lib/gcc/avr/5.4.0/../../../../avr/lib/avr5\libm.a(fp_zero.o)
                              c:/program files (x86)/atmel/studio/7.0/toolchain/avr8/avr8-gnu-toolchain/bin/../lib/gcc/avr/5.4.0/../../../../avr/lib/avr5\libm.a(addsf3x.o) (__fp_zero)
c:/program files (x86)/atmel/studio/7.0/toolchain/avr8/avr8-gnu-toolchain/bin/../lib/gcc/avr/5.4.0/../../../../avr/lib/avr5\libm.a(mulsf3.o)
                              HAL/LCD/LCD_prog.o (__mulsf3)
c:/program files (x86)/atmel/studio/7.0/toolchain/avr8/avr8-gnu-toolchain/bin/../lib/gcc/avr/5.4.0/../../../../avr/lib/avr5\libm.a(mulsf3x.o)
                              c:/program files (x86)/atmel/studio/7.0/toolchain/avr8/avr8-gnu-toolchain/bin/../lib/gcc/avr/5.4.0/../../../../avr/lib/avr5\libm.a(mulsf3.o) (__mulsf3x)
c:/program files (x86)/atmel/studio/7.0/toolchain/avr8/avr8-gnu-toolchain/bin/../lib/gcc/avr/5.4.0/avr5\libgcc.a(_udivmodsi4.o)
                              HAL/ULTRASONIC/ULTRASONIC_prog.o (__udivmodsi4)
c:/program files (x86)/atmel/studio/7.0/toolchain/avr8/avr8-gnu-toolchain/bin/../lib/gcc/avr/5.4.0/avr5\libgcc.a(_exit.o)
                              C:/Program Files (x86)/Atmel/Studio/7.0/Packs/atmel/ATmega_DFP/1.7.374/gcc/dev/atmega32/avr5/crtatmega32.o (exit)
c:/program files (x86)/atmel/studio/7.0/toolchain/avr8/avr8-gnu-toolchain/bin/../lib/gcc/avr/5.4.0/avr5\libgcc.a(_copy_data.o)
                              HAL/Keypad/KEYPAD_prog.o (__do_copy_data)
c:/program files (x86)/atmel/studio/7.0/toolchain/avr8/avr8-gnu-toolchain/bin/../lib/gcc/avr/5.4.0/avr5\libgcc.a(_clear_bss.o)
                              MCAL/ADC/ADC_prog.o (__do_clear_bss)
c:/program files (x86)/atmel/studio/7.0/toolchain/avr8/avr8-gnu-toolchain/bin/../lib/gcc/avr/5.4.0/avr5\libgcc.a(_umulhisi3.o)
                              HAL/LCD/LCD_prog.o (__umulhisi3)

Discarded input sections

 .data          0x00000000        0x0 C:/Program Files (x86)/Atmel/Studio/7.0/Packs/atmel/ATmega_DFP/1.7.374/gcc/dev/atmega32/avr5/crtatmega32.o
 .bss           0x00000000        0x0 C:/Program Files (x86)/Atmel/Studio/7.0/Packs/atmel/ATmega_DFP/1.7.374/gcc/dev/atmega32/avr5/crtatmega32.o
 .text          0x00000000        0x0 APP/main.o
 .data          0x00000000        0x0 APP/main.o
 .bss           0x00000000        0x0 APP/main.o
 .text          0x00000000        0x0 HAL/BUZZER/BUZZER_prog.o
 .data          0x00000000        0x0 HAL/BUZZER/BUZZER_prog.o
 .bss           0x00000000        0x0 HAL/BUZZER/BUZZER_prog.o
 .text.BUZZER_voidOn
                0x00000000       0x22 HAL/BUZZER/BUZZER_prog.o
 .text.BUZZER_voidOff
                0x00000000       0x16 HAL/BUZZER/BUZZER_prog.o
 .debug_info    0x00000000      0x166 HAL/BUZZER/BUZZER_prog.o
 .debug_abbrev  0x00000000       0xb2 HAL/BUZZER/BUZZER_prog.o
 .debug_loc     0x00000000       0x4e HAL/BUZZER/BUZZER_prog.o
 .debug_aranges
                0x00000000       0x28 HAL/BUZZER/BUZZER_prog.o
 .debug_ranges  0x00000000       0x18 HAL/BUZZER/BUZZER_prog.o
 .debug_line    0x00000000      0x114 HAL/BUZZER/BUZZER_prog.o
 .debug_str     0x00000000      0x1db HAL/BUZZER/BUZZER_prog.o
 .comment       0x00000000       0x31 HAL/BUZZER/BUZZER_prog.o
 .debug_frame   0x00000000       0x3c HAL/BUZZER/BUZZER_prog.o
 .text          0x00000000        0x0 HAL/DC_MOTOR/DC_MOTOR_prog.o
 .data          0x00000000        0x0 HAL/DC_MOTOR/DC_MOTOR_prog.o
 .bss           0x00000000        0x0 HAL/DC_MOTOR/DC_MOTOR_prog.o
 .text.DC_MOTOR_voidACW
                0x00000000       0x7c HAL/DC_MOTOR/DC_MOTOR_prog.o
 .text.DC_MOTOR_voidStop
                0x00000000       0x76 HAL/DC_MOTOR/DC_MOTOR_prog.o
 .text.DC_MOTOR_voidMoveForward_1
                0x00000000       0x40 HAL/DC_MOTOR/DC_MOTOR_prog.o
 .text.DC_MOTOR_voidMoveBackward_1
                0x00000000       0x40 HAL/DC_MOTOR/DC_MOTOR_prog.o
 .text.DC_MOTOR_voidStop_1
                0x00000000       0x3a HAL/DC_MOTOR/DC_MOTOR_prog.o
 .text.DC_MOTOR_voidMoveForward_2
                0x00000000       0x40 HAL/DC_MOTOR/DC_MOTOR_prog.o
 .text.DC_MOTOR_voidMoveBackward_2
                0x00000000       0x40 HAL/DC_MOTOR/DC_MOTOR_prog.o
 .text.DC_MOTOR_voidStop_2
                0x00000000       0x3a HAL/DC_MOTOR/DC_MOTOR_prog.o
 .text          0x00000000        0x0 HAL/EEPROM/EEPROM_prog.o
 .data          0x00000000        0x0 HAL/EEPROM/EEPROM_prog.o
 .bss           0x00000000        0x0 HAL/EEPROM/EEPROM_prog.o
 .text.EEPROM_voidSendData
                0x00000000       0x3c HAL/EEPROM/EEPROM_prog.o
 .text.EEPROM_voidSendPage
                0x00000000       0x56 HAL/EEPROM/EEPROM_prog.o
 .text.EEPROM_u8ReceiveData
                0x00000000       0x4a HAL/EEPROM/EEPROM_prog.o
 .debug_info    0x00000000      0x3b7 HAL/EEPROM/EEPROM_prog.o
 .debug_abbrev  0x00000000      0x16a HAL/EEPROM/EEPROM_prog.o
 .debug_loc     0x00000000      0x2dc HAL/EEPROM/EEPROM_prog.o
 .debug_aranges
                0x00000000       0x30 HAL/EEPROM/EEPROM_prog.o
 .debug_ranges  0x00000000       0x20 HAL/EEPROM/EEPROM_prog.o
 .debug_line    0x00000000      0x25e HAL/EEPROM/EEPROM_prog.o
 .debug_str     0x00000000      0x348 HAL/EEPROM/EEPROM_prog.o
 .comment       0x00000000       0x31 HAL/EEPROM/EEPROM_prog.o
 .debug_frame   0x00000000       0x8c HAL/EEPROM/EEPROM_prog.o
 .text          0x00000000        0x0 HAL/Keypad/KEYPAD_prog.o
 .data          0x00000000        0x0 HAL/Keypad/KEYPAD_prog.o
 .bss           0x00000000        0x0 HAL/Keypad/KEYPAD_prog.o
 .text.KEYPAD_voidInit
                0x00000000       0xa4 HAL/Keypad/KEYPAD_prog.o
 .text.KEYPAD_u8GetKey
                0x00000000       0xf6 HAL/Keypad/KEYPAD_prog.o
 .data.KEYPAD_ARR
                0x00000000       0x10 HAL/Keypad/KEYPAD_prog.o
 .debug_info    0x00000000      0x300 HAL/Keypad/KEYPAD_prog.o
 .debug_abbrev  0x00000000      0x15b HAL/Keypad/KEYPAD_prog.o
 .debug_loc     0x00000000      0x21e HAL/Keypad/KEYPAD_prog.o
 .debug_aranges
                0x00000000       0x28 HAL/Keypad/KEYPAD_prog.o
 .debug_ranges  0x00000000       0x18 HAL/Keypad/KEYPAD_prog.o
 .debug_line    0x00000000      0x264 HAL/Keypad/KEYPAD_prog.o
 .debug_str     0x00000000      0x281 HAL/Keypad/KEYPAD_prog.o
 .comment       0x00000000       0x31 HAL/Keypad/KEYPAD_prog.o
 .debug_frame   0x00000000       0x90 HAL/Keypad/KEYPAD_prog.o
 .text          0x00000000        0x0 HAL/LCD/LCD_prog.o
 .data          0x00000000        0x0 HAL/LCD/LCD_prog.o
 .bss           0x00000000        0x0 HAL/LCD/LCD_prog.o
 .text.LCD_voidSendHalfData
                0x00000000       0x64 HAL/LCD/LCD_prog.o
 .text.LCD_voidSendEnablePulse
                0x00000000       0x22 HAL/LCD/LCD_prog.o
 .text.LCD_voidSendCommand
                0x00000000       0x34 HAL/LCD/LCD_prog.o
 .text.LCD_voidInit
                0x00000000       0x3e HAL/LCD/LCD_prog.o
 .text.LCD_voidSendData
                0x00000000       0x34 HAL/LCD/LCD_prog.o
 .text.LCD_voidSendString
                0x00000000       0x26 HAL/LCD/LCD_prog.o
 .text.LCD_voidSendNum
                0x00000000       0xc0 HAL/LCD/LCD_prog.o
 .text.LCD_voidSendFloatingNum
                0x00000000       0x6a HAL/LCD/LCD_prog.o
 .rodata.str1.1
                0x00000000       0x12 HAL/LCD/LCD_prog.o
 .text.LCD_voidGoto
                0x00000000       0x1e HAL/LCD/LCD_prog.o
 .text.LCD_voidDrawData
                0x00000000       0x54 HAL/LCD/LCD_prog.o
 .text.LCD_voidClearScreen
                0x00000000        0x8 HAL/LCD/LCD_prog.o
 .debug_info    0x00000000      0x704 HAL/LCD/LCD_prog.o
 .debug_abbrev  0x00000000      0x197 HAL/LCD/LCD_prog.o
 .debug_loc     0x00000000      0x6aa HAL/LCD/LCD_prog.o
 .debug_aranges
                0x00000000       0x70 HAL/LCD/LCD_prog.o
 .debug_ranges  0x00000000       0x60 HAL/LCD/LCD_prog.o
 .debug_line    0x00000000      0x3f8 HAL/LCD/LCD_prog.o
 .debug_str     0x00000000      0x377 HAL/LCD/LCD_prog.o
 .comment       0x00000000       0x31 HAL/LCD/LCD_prog.o
 .debug_frame   0x00000000      0x164 HAL/LCD/LCD_prog.o
 .text          0x00000000        0x0 HAL/LED/LED_prog.o
 .data          0x00000000        0x0 HAL/LED/LED_prog.o
 .bss           0x00000000        0x0 HAL/LED/LED_prog.o
 .text.LED_voidToggle
                0x00000000       0x1c HAL/LED/LED_prog.o
 .text          0x00000000        0x0 HAL/SERVO_MOTOR/SERVO_MOTOR_prog.o
 .data          0x00000000        0x0 HAL/SERVO_MOTOR/SERVO_MOTOR_prog.o
 .bss           0x00000000        0x0 HAL/SERVO_MOTOR/SERVO_MOTOR_prog.o
 .text.SERVO_MOTOR_voidRotateWithDegree
                0x00000000       0x1e HAL/SERVO_MOTOR/SERVO_MOTOR_prog.o
 .debug_info    0x00000000       0xbb HAL/SERVO_MOTOR/SERVO_MOTOR_prog.o
 .debug_abbrev  0x00000000       0x7f HAL/SERVO_MOTOR/SERVO_MOTOR_prog.o
 .debug_loc     0x00000000       0x2e HAL/SERVO_MOTOR/SERVO_MOTOR_prog.o
 .debug_aranges
                0x00000000       0x20 HAL/SERVO_MOTOR/SERVO_MOTOR_prog.o
 .debug_ranges  0x00000000       0x10 HAL/SERVO_MOTOR/SERVO_MOTOR_prog.o
 .debug_line    0x00000000       0xca HAL/SERVO_MOTOR/SERVO_MOTOR_prog.o
 .debug_str     0x00000000      0x1b2 HAL/SERVO_MOTOR/SERVO_MOTOR_prog.o
 .comment       0x00000000       0x31 HAL/SERVO_MOTOR/SERVO_MOTOR_prog.o
 .debug_frame   0x00000000       0x24 HAL/SERVO_MOTOR/SERVO_MOTOR_prog.o
 .text          0x00000000        0x0 HAL/SSD/SSD_prog.o
 .data          0x00000000        0x0 HAL/SSD/SSD_prog.o
 .bss           0x00000000        0x0 HAL/SSD/SSD_prog.o
 .text.SSD_voidSendNum
                0x00000000       0x1c HAL/SSD/SSD_prog.o
 .text.SSD_voidMuxSSDs
                0x00000000       0x4a HAL/SSD/SSD_prog.o
 .debug_info    0x00000000      0x25e HAL/SSD/SSD_prog.o
 .debug_abbrev  0x00000000      0x10d HAL/SSD/SSD_prog.o
 .debug_loc     0x00000000      0x105 HAL/SSD/SSD_prog.o
 .debug_aranges
                0x00000000       0x28 HAL/SSD/SSD_prog.o
 .debug_ranges  0x00000000       0x18 HAL/SSD/SSD_prog.o
 .debug_line    0x00000000      0x1c8 HAL/SSD/SSD_prog.o
 .debug_str     0x00000000      0x24d HAL/SSD/SSD_prog.o
 .comment       0x00000000       0x31 HAL/SSD/SSD_prog.o
 .debug_frame   0x00000000       0x44 HAL/SSD/SSD_prog.o
 .text          0x00000000        0x0 HAL/ULTRASONIC/ULTRASONIC_prog.o
 .data          0x00000000        0x0 HAL/ULTRASONIC/ULTRASONIC_prog.o
 .bss           0x00000000        0x0 HAL/ULTRASONIC/ULTRASONIC_prog.o
 .text          0x00000000        0x0 MCAL/ADC/ADC_prog.o
 .data          0x00000000        0x0 MCAL/ADC/ADC_prog.o
 .bss           0x00000000        0x0 MCAL/ADC/ADC_prog.o
 .text.ADC_voidInit
                0x00000000       0x3c MCAL/ADC/ADC_prog.o
 .text.ADC_u16ReadChannel
                0x00000000       0x22 MCAL/ADC/ADC_prog.o
 .text.ADC_voidSetCallback
                0x00000000       0x2a MCAL/ADC/ADC_prog.o
 .text          0x00000000        0x0 MCAL/DIO/DIO_prog.o
 .data          0x00000000        0x0 MCAL/DIO/DIO_prog.o
 .bss           0x00000000        0x0 MCAL/DIO/DIO_prog.o
 .text.DIO_voidTogglePinVal
                0x00000000       0x68 MCAL/DIO/DIO_prog.o
 .text.DIO_u8ReadPinVal
                0x00000000       0x5c MCAL/DIO/DIO_prog.o
 .text.DIO_voidSetPortDir
                0x00000000       0x20 MCAL/DIO/DIO_prog.o
 .text.DIO_voidSetPortVal
                0x00000000       0x20 MCAL/DIO/DIO_prog.o
 .text          0x00000000        0x0 MCAL/EXTI/EXTI_prog.o
 .data          0x00000000        0x0 MCAL/EXTI/EXTI_prog.o
 .bss           0x00000000        0x0 MCAL/EXTI/EXTI_prog.o
 .text.EXTI_voidInit
                0x00000000       0xb8 MCAL/EXTI/EXTI_prog.o
 .text.EXTI0_voidEnable
                0x00000000        0x8 MCAL/EXTI/EXTI_prog.o
 .text.EXTI0_voidDisable
                0x00000000        0x8 MCAL/EXTI/EXTI_prog.o
 .text.EXTI1_voidEnable
                0x00000000        0x8 MCAL/EXTI/EXTI_prog.o
 .text.EXTI1_voidDisable
                0x00000000        0x8 MCAL/EXTI/EXTI_prog.o
 .text.EXTI2_voidEnable
                0x00000000        0x8 MCAL/EXTI/EXTI_prog.o
 .text.EXTI2_voidDisable
                0x00000000        0x8 MCAL/EXTI/EXTI_prog.o
 .text.EXTI_voidSetCallback
                0x00000000       0x2a MCAL/EXTI/EXTI_prog.o
 .text          0x00000000        0x0 MCAL/GI/GI_prog.o
 .data          0x00000000        0x0 MCAL/GI/GI_prog.o
 .bss           0x00000000        0x0 MCAL/GI/GI_prog.o
 .text.GI_voidEnable
                0x00000000        0x8 MCAL/GI/GI_prog.o
 .text.GI_voidDisable
                0x00000000        0x8 MCAL/GI/GI_prog.o
 .debug_info    0x00000000       0xa6 MCAL/GI/GI_prog.o
 .debug_abbrev  0x00000000       0x51 MCAL/GI/GI_prog.o
 .debug_aranges
                0x00000000       0x28 MCAL/GI/GI_prog.o
 .debug_ranges  0x00000000       0x18 MCAL/GI/GI_prog.o
 .debug_line    0x00000000       0x81 MCAL/GI/GI_prog.o
 .debug_str     0x00000000      0x18d MCAL/GI/GI_prog.o
 .comment       0x00000000       0x31 MCAL/GI/GI_prog.o
 .debug_frame   0x00000000       0x34 MCAL/GI/GI_prog.o
 .text          0x00000000        0x0 MCAL/SPI/SPI_prog.o
 .data          0x00000000        0x0 MCAL/SPI/SPI_prog.o
 .bss           0x00000000        0x0 MCAL/SPI/SPI_prog.o
 .text.SPI_voidMasterInit
                0x00000000       0x42 MCAL/SPI/SPI_prog.o
 .text.SPI_voidSlaveInit
                0x00000000       0x36 MCAL/SPI/SPI_prog.o
 .text.SPI_voidMasterSendData
                0x00000000        0x8 MCAL/SPI/SPI_prog.o
 .text.SPI_u8SlaveReceiveData
                0x00000000        0x8 MCAL/SPI/SPI_prog.o
 .debug_info    0x00000000      0x1df MCAL/SPI/SPI_prog.o
 .debug_abbrev  0x00000000       0xb2 MCAL/SPI/SPI_prog.o
 .debug_aranges
                0x00000000       0x38 MCAL/SPI/SPI_prog.o
 .debug_ranges  0x00000000       0x28 MCAL/SPI/SPI_prog.o
 .debug_line    0x00000000      0x13f MCAL/SPI/SPI_prog.o
 .debug_str     0x00000000      0x1e2 MCAL/SPI/SPI_prog.o
 .comment       0x00000000       0x31 MCAL/SPI/SPI_prog.o
 .debug_frame   0x00000000       0x54 MCAL/SPI/SPI_prog.o
 .text          0x00000000        0x0 MCAL/TIM0/TIM0_prog.o
 .data          0x00000000        0x0 MCAL/TIM0/TIM0_prog.o
 .bss           0x00000000        0x0 MCAL/TIM0/TIM0_prog.o
 .text.TIM0_voidInit
                0x00000000       0x24 MCAL/TIM0/TIM0_prog.o
 .text.TIM0_voidStop
                0x00000000       0x14 MCAL/TIM0/TIM0_prog.o
 .text.TIM0_voidsetCallback
                0x00000000       0x1e MCAL/TIM0/TIM0_prog.o
 .text.TIM0_voidFastPWM
                0x00000000       0x2a MCAL/TIM0/TIM0_prog.o
 .text          0x00000000        0x0 MCAL/TIM1/TIM1_prog.o
 .data          0x00000000        0x0 MCAL/TIM1/TIM1_prog.o
 .bss           0x00000000        0x0 MCAL/TIM1/TIM1_prog.o
 .text.TIM1_voidStart
                0x00000000       0x26 MCAL/TIM1/TIM1_prog.o
 .text.TIM1_u16ReadVal
                0x00000000        0x6 MCAL/TIM1/TIM1_prog.o
 .text.TIM1_voidSetOCRVal
                0x00000000        0x6 MCAL/TIM1/TIM1_prog.o
 .text.TIM1_voidFastPWMICR1
                0x00000000       0x78 MCAL/TIM1/TIM1_prog.o
 .text          0x00000000        0x0 MCAL/TIM2/TIM2_prog.o
 .data          0x00000000        0x0 MCAL/TIM2/TIM2_prog.o
 .bss           0x00000000        0x0 MCAL/TIM2/TIM2_prog.o
 .text.TIM2_voidInit
                0x00000000       0x20 MCAL/TIM2/TIM2_prog.o
 .text.TIM2_voidStop
                0x00000000       0x14 MCAL/TIM2/TIM2_prog.o
 .text.TIM2_voidsetCallback
                0x00000000       0x1e MCAL/TIM2/TIM2_prog.o
 .text.TIM2_voidFastPWM
                0x00000000       0x2a MCAL/TIM2/TIM2_prog.o
 .text          0x00000000        0x0 MCAL/TWI/TWI_prog.o
 .data          0x00000000        0x0 MCAL/TWI/TWI_prog.o
 .bss           0x00000000        0x0 MCAL/TWI/TWI_prog.o
 .text.TWI_voidMasterInit
                0x00000000       0x26 MCAL/TWI/TWI_prog.o
 .text.TWI_voidSlaveInit
                0x00000000       0x12 MCAL/TWI/TWI_prog.o
 .text.TWI_Status_ERRSendStartCondition
                0x00000000       0x22 MCAL/TWI/TWI_prog.o
 .text.TWI_Status_ErrRepeatedStart
                0x00000000       0x22 MCAL/TWI/TWI_prog.o
 .text.TWI_Status_ErrSendSlaveAddressWithWrite
                0x00000000       0x2c MCAL/TWI/TWI_prog.o
 .text.TWI_Status_ErrSendSlaveAddressWithRead
                0x00000000       0x2c MCAL/TWI/TWI_prog.o
 .text.TWI_Status_ErrMasterSendData
                0x00000000       0x1e MCAL/TWI/TWI_prog.o
 .text.TWI_Status_ErrMasterReciveData
                0x00000000       0x22 MCAL/TWI/TWI_prog.o
 .text.TWI_Status_ERRSendStopCondition
                0x00000000        0xe MCAL/TWI/TWI_prog.o
 .debug_info    0x00000000      0x27c MCAL/TWI/TWI_prog.o
 .debug_abbrev  0x00000000       0xd3 MCAL/TWI/TWI_prog.o
 .debug_loc     0x00000000      0x1b3 MCAL/TWI/TWI_prog.o
 .debug_aranges
                0x00000000       0x60 MCAL/TWI/TWI_prog.o
 .debug_ranges  0x00000000       0x50 MCAL/TWI/TWI_prog.o
 .debug_line    0x00000000      0x275 MCAL/TWI/TWI_prog.o
 .debug_str     0x00000000      0x347 MCAL/TWI/TWI_prog.o
 .comment       0x00000000       0x31 MCAL/TWI/TWI_prog.o
 .debug_frame   0x00000000       0xa4 MCAL/TWI/TWI_prog.o
 .text          0x00000000        0x0 MCAL/UART/UART_prog.o
 .data          0x00000000        0x0 MCAL/UART/UART_prog.o
 .bss           0x00000000        0x0 MCAL/UART/UART_prog.o
 .text.UART_voidInit
                0x00000000       0x2e MCAL/UART/UART_prog.o
 .text.UART_voidTx
                0x00000000        0x8 MCAL/UART/UART_prog.o
 .text.UART_u8Rx
                0x00000000        0x8 MCAL/UART/UART_prog.o
 .debug_info    0x00000000       0xd2 MCAL/UART/UART_prog.o
 .debug_abbrev  0x00000000       0x94 MCAL/UART/UART_prog.o
 .debug_aranges
                0x00000000       0x30 MCAL/UART/UART_prog.o
 .debug_ranges  0x00000000       0x20 MCAL/UART/UART_prog.o
 .debug_line    0x00000000       0xe2 MCAL/UART/UART_prog.o
 .debug_str     0x00000000      0x1a3 MCAL/UART/UART_prog.o
 .comment       0x00000000       0x31 MCAL/UART/UART_prog.o
 .debug_frame   0x00000000       0x44 MCAL/UART/UART_prog.o
 .text          0x00000000        0x0 MCAL/WDT/WDT_prog.o
 .data          0x00000000        0x0 MCAL/WDT/WDT_prog.o
 .bss           0x00000000        0x0 MCAL/WDT/WDT_prog.o
 .text.WDT_voidStart
                0x00000000       0x14 MCAL/WDT/WDT_prog.o
 .text.WDT_voidStop
                0x00000000        0xa MCAL/WDT/WDT_prog.o
 .debug_info    0x00000000       0xba MCAL/WDT/WDT_prog.o
 .debug_abbrev  0x00000000       0x7a MCAL/WDT/WDT_prog.o
 .debug_loc     0x00000000       0x21 MCAL/WDT/WDT_prog.o
 .debug_aranges
                0x00000000       0x28 MCAL/WDT/WDT_prog.o
 .debug_ranges  0x00000000       0x18 MCAL/WDT/WDT_prog.o
 .debug_line    0x00000000       0x96 MCAL/WDT/WDT_prog.o
 .debug_str     0x00000000      0x199 MCAL/WDT/WDT_prog.o
 .comment       0x00000000       0x31 MCAL/WDT/WDT_prog.o
 .debug_frame   0x00000000       0x34 MCAL/WDT/WDT_prog.o
 .text          0x00000000        0x0 c:/program files (x86)/atmel/studio/7.0/toolchain/avr8/avr8-gnu-toolchain/bin/../lib/gcc/avr/5.4.0/../../../../avr/lib/avr5\libm.a(addsf3.o)
 .data          0x00000000        0x0 c:/program files (x86)/atmel/studio/7.0/toolchain/avr8/avr8-gnu-toolchain/bin/../lib/gcc/avr/5.4.0/../../../../avr/lib/avr5\libm.a(addsf3.o)
 .bss           0x00000000        0x0 c:/program files (x86)/atmel/studio/7.0/toolchain/avr8/avr8-gnu-toolchain/bin/../lib/gcc/avr/5.4.0/../../../../avr/lib/avr5\libm.a(addsf3.o)
 .text.avr-libc.fplib
                0x00000000        0xe c:/program files (x86)/atmel/studio/7.0/toolchain/avr8/avr8-gnu-toolchain/bin/../lib/gcc/avr/5.4.0/../../../../avr/lib/avr5\libm.a(addsf3.o)
 .text          0x00000000        0x0 c:/program files (x86)/atmel/studio/7.0/toolchain/avr8/avr8-gnu-toolchain/bin/../lib/gcc/avr/5.4.0/../../../../avr/lib/avr5\libm.a(addsf3x.o)
 .data          0x00000000        0x0 c:/program files (x86)/atmel/studio/7.0/toolchain/avr8/avr8-gnu-toolchain/bin/../lib/gcc/avr/5.4.0/../../../../avr/lib/avr5\libm.a(addsf3x.o)
 .bss           0x00000000        0x0 c:/program files (x86)/atmel/studio/7.0/toolchain/avr8/avr8-gnu-toolchain/bin/../lib/gcc/avr/5.4.0/../../../../avr/lib/avr5\libm.a(addsf3x.o)
 .text.avr-libc.fplib
                0x00000000       0xcc c:/program files (x86)/atmel/studio/7.0/toolchain/avr8/avr8-gnu-toolchain/bin/../lib/gcc/avr/5.4.0/../../../../avr/lib/avr5\libm.a(addsf3x.o)
 .text          0x00000000        0x0 c:/program files (x86)/atmel/studio/7.0/toolchain/avr8/avr8-gnu-toolchain/bin/../lib/gcc/avr/5.4.0/../../../../avr/lib/avr5\libm.a(divsf3.o)
 .data          0x00000000        0x0 c:/program files (x86)/atmel/studio/7.0/toolchain/avr8/avr8-gnu-toolchain/bin/../lib/gcc/avr/5.4.0/../../../../avr/lib/avr5\libm.a(divsf3.o)
 .bss           0x00000000        0x0 c:/program files (x86)/atmel/studio/7.0/toolchain/avr8/avr8-gnu-toolchain/bin/../lib/gcc/avr/5.4.0/../../../../avr/lib/avr5\libm.a(divsf3.o)
 .text.avr-libc.fplib
                0x00000000        0x8 c:/program files (x86)/atmel/studio/7.0/toolchain/avr8/avr8-gnu-toolchain/bin/../lib/gcc/avr/5.4.0/../../../../avr/lib/avr5\libm.a(divsf3.o)
 .text          0x00000000        0x0 c:/program files (x86)/atmel/studio/7.0/toolchain/avr8/avr8-gnu-toolchain/bin/../lib/gcc/avr/5.4.0/../../../../avr/lib/avr5\libm.a(divsf3x.o)
 .data          0x00000000        0x0 c:/program files (x86)/atmel/studio/7.0/toolchain/avr8/avr8-gnu-toolchain/bin/../lib/gcc/avr/5.4.0/../../../../avr/lib/avr5\libm.a(divsf3x.o)
 .bss           0x00000000        0x0 c:/program files (x86)/atmel/studio/7.0/toolchain/avr8/avr8-gnu-toolchain/bin/../lib/gcc/avr/5.4.0/../../../../avr/lib/avr5\libm.a(divsf3x.o)
 .text.avr-libc.fplib
                0x00000000       0xdc c:/program files (x86)/atmel/studio/7.0/toolchain/avr8/avr8-gnu-toolchain/bin/../lib/gcc/avr/5.4.0/../../../../avr/lib/avr5\libm.a(divsf3x.o)
 .text          0x00000000        0x0 c:/program files (x86)/atmel/studio/7.0/toolchain/avr8/avr8-gnu-toolchain/bin/../lib/gcc/avr/5.4.0/../../../../avr/lib/avr5\libm.a(fixunssfsi.o)
 .data          0x00000000        0x0 c:/program files (x86)/atmel/studio/7.0/toolchain/avr8/avr8-gnu-toolchain/bin/../lib/gcc/avr/5.4.0/../../../../avr/lib/avr5\libm.a(fixunssfsi.o)
 .bss           0x00000000        0x0 c:/program files (x86)/atmel/studio/7.0/toolchain/avr8/avr8-gnu-toolchain/bin/../lib/gcc/avr/5.4.0/../../../../avr/lib/avr5\libm.a(fixunssfsi.o)
 .text.avr-libc.fplib
                0x00000000       0x5e c:/program files (x86)/atmel/studio/7.0/toolchain/avr8/avr8-gnu-toolchain/bin/../lib/gcc/avr/5.4.0/../../../../avr/lib/avr5\libm.a(fixunssfsi.o)
 .text          0x00000000        0x0 c:/program files (x86)/atmel/studio/7.0/toolchain/avr8/avr8-gnu-toolchain/bin/../lib/gcc/avr/5.4.0/../../../../avr/lib/avr5\libm.a(floatsisf.o)
 .data          0x00000000        0x0 c:/program files (x86)/atmel/studio/7.0/toolchain/avr8/avr8-gnu-toolchain/bin/../lib/gcc/avr/5.4.0/../../../../avr/lib/avr5\libm.a(floatsisf.o)
 .bss           0x00000000        0x0 c:/program files (x86)/atmel/studio/7.0/toolchain/avr8/avr8-gnu-toolchain/bin/../lib/gcc/avr/5.4.0/../../../../avr/lib/avr5\libm.a(floatsisf.o)
 .text.avr-libc.fplib
                0x00000000       0x7a c:/program files (x86)/atmel/studio/7.0/toolchain/avr8/avr8-gnu-toolchain/bin/../lib/gcc/avr/5.4.0/../../../../avr/lib/avr5\libm.a(floatsisf.o)
 .text          0x00000000        0x0 c:/program files (x86)/atmel/studio/7.0/toolchain/avr8/avr8-gnu-toolchain/bin/../lib/gcc/avr/5.4.0/../../../../avr/lib/avr5\libm.a(fp_inf.o)
 .data          0x00000000        0x0 c:/program files (x86)/atmel/studio/7.0/toolchain/avr8/avr8-gnu-toolchain/bin/../lib/gcc/avr/5.4.0/../../../../avr/lib/avr5\libm.a(fp_inf.o)
 .bss           0x00000000        0x0 c:/program files (x86)/atmel/studio/7.0/toolchain/avr8/avr8-gnu-toolchain/bin/../lib/gcc/avr/5.4.0/../../../../avr/lib/avr5\libm.a(fp_inf.o)
 .text.avr-libc.fplib
                0x00000000        0xc c:/program files (x86)/atmel/studio/7.0/toolchain/avr8/avr8-gnu-toolchain/bin/../lib/gcc/avr/5.4.0/../../../../avr/lib/avr5\libm.a(fp_inf.o)
 .text          0x00000000        0x0 c:/program files (x86)/atmel/studio/7.0/toolchain/avr8/avr8-gnu-toolchain/bin/../lib/gcc/avr/5.4.0/../../../../avr/lib/avr5\libm.a(fp_nan.o)
 .data          0x00000000        0x0 c:/program files (x86)/atmel/studio/7.0/toolchain/avr8/avr8-gnu-toolchain/bin/../lib/gcc/avr/5.4.0/../../../../avr/lib/avr5\libm.a(fp_nan.o)
 .bss           0x00000000        0x0 c:/program files (x86)/atmel/studio/7.0/toolchain/avr8/avr8-gnu-toolchain/bin/../lib/gcc/avr/5.4.0/../../../../avr/lib/avr5\libm.a(fp_nan.o)
 .text.avr-libc.fplib
                0x00000000        0x6 c:/program files (x86)/atmel/studio/7.0/toolchain/avr8/avr8-gnu-toolchain/bin/../lib/gcc/avr/5.4.0/../../../../avr/lib/avr5\libm.a(fp_nan.o)
 .text          0x00000000        0x0 c:/program files (x86)/atmel/studio/7.0/toolchain/avr8/avr8-gnu-toolchain/bin/../lib/gcc/avr/5.4.0/../../../../avr/lib/avr5\libm.a(fp_pscA.o)
 .data          0x00000000        0x0 c:/program files (x86)/atmel/studio/7.0/toolchain/avr8/avr8-gnu-toolchain/bin/../lib/gcc/avr/5.4.0/../../../../avr/lib/avr5\libm.a(fp_pscA.o)
 .bss           0x00000000        0x0 c:/program files (x86)/atmel/studio/7.0/toolchain/avr8/avr8-gnu-toolchain/bin/../lib/gcc/avr/5.4.0/../../../../avr/lib/avr5\libm.a(fp_pscA.o)
 .text.avr-libc.fplib
                0x00000000        0xe c:/program files (x86)/atmel/studio/7.0/toolchain/avr8/avr8-gnu-toolchain/bin/../lib/gcc/avr/5.4.0/../../../../avr/lib/avr5\libm.a(fp_pscA.o)
 .text          0x00000000        0x0 c:/program files (x86)/atmel/studio/7.0/toolchain/avr8/avr8-gnu-toolchain/bin/../lib/gcc/avr/5.4.0/../../../../avr/lib/avr5\libm.a(fp_pscB.o)
 .data          0x00000000        0x0 c:/program files (x86)/atmel/studio/7.0/toolchain/avr8/avr8-gnu-toolchain/bin/../lib/gcc/avr/5.4.0/../../../../avr/lib/avr5\libm.a(fp_pscB.o)
 .bss           0x00000000        0x0 c:/program files (x86)/atmel/studio/7.0/toolchain/avr8/avr8-gnu-toolchain/bin/../lib/gcc/avr/5.4.0/../../../../avr/lib/avr5\libm.a(fp_pscB.o)
 .text.avr-libc.fplib
                0x00000000        0xe c:/program files (x86)/atmel/studio/7.0/toolchain/avr8/avr8-gnu-toolchain/bin/../lib/gcc/avr/5.4.0/../../../../avr/lib/avr5\libm.a(fp_pscB.o)
 .text          0x00000000        0x0 c:/program files (x86)/atmel/studio/7.0/toolchain/avr8/avr8-gnu-toolchain/bin/../lib/gcc/avr/5.4.0/../../../../avr/lib/avr5\libm.a(fp_round.o)
 .data          0x00000000        0x0 c:/program files (x86)/atmel/studio/7.0/toolchain/avr8/avr8-gnu-toolchain/bin/../lib/gcc/avr/5.4.0/../../../../avr/lib/avr5\libm.a(fp_round.o)
 .bss           0x00000000        0x0 c:/program files (x86)/atmel/studio/7.0/toolchain/avr8/avr8-gnu-toolchain/bin/../lib/gcc/avr/5.4.0/../../../../avr/lib/avr5\libm.a(fp_round.o)
 .text.avr-libc.fplib
                0x00000000       0x22 c:/program files (x86)/atmel/studio/7.0/toolchain/avr8/avr8-gnu-toolchain/bin/../lib/gcc/avr/5.4.0/../../../../avr/lib/avr5\libm.a(fp_round.o)
 .text          0x00000000        0x0 c:/program files (x86)/atmel/studio/7.0/toolchain/avr8/avr8-gnu-toolchain/bin/../lib/gcc/avr/5.4.0/../../../../avr/lib/avr5\libm.a(fp_split3.o)
 .data          0x00000000        0x0 c:/program files (x86)/atmel/studio/7.0/toolchain/avr8/avr8-gnu-toolchain/bin/../lib/gcc/avr/5.4.0/../../../../avr/lib/avr5\libm.a(fp_split3.o)
 .bss           0x00000000        0x0 c:/program files (x86)/atmel/studio/7.0/toolchain/avr8/avr8-gnu-toolchain/bin/../lib/gcc/avr/5.4.0/../../../../avr/lib/avr5\libm.a(fp_split3.o)
 .text.avr-libc.fplib
                0x00000000       0x44 c:/program files (x86)/atmel/studio/7.0/toolchain/avr8/avr8-gnu-toolchain/bin/../lib/gcc/avr/5.4.0/../../../../avr/lib/avr5\libm.a(fp_split3.o)
 .text          0x00000000        0x0 c:/program files (x86)/atmel/studio/7.0/toolchain/avr8/avr8-gnu-toolchain/bin/../lib/gcc/avr/5.4.0/../../../../avr/lib/avr5\libm.a(fp_zero.o)
 .data          0x00000000        0x0 c:/program files (x86)/atmel/studio/7.0/toolchain/avr8/avr8-gnu-toolchain/bin/../lib/gcc/avr/5.4.0/../../../../avr/lib/avr5\libm.a(fp_zero.o)
 .bss           0x00000000        0x0 c:/program files (x86)/atmel/studio/7.0/toolchain/avr8/avr8-gnu-toolchain/bin/../lib/gcc/avr/5.4.0/../../../../avr/lib/avr5\libm.a(fp_zero.o)
 .text.avr-libc.fplib
                0x00000000        0xe c:/program files (x86)/atmel/studio/7.0/toolchain/avr8/avr8-gnu-toolchain/bin/../lib/gcc/avr/5.4.0/../../../../avr/lib/avr5\libm.a(fp_zero.o)
 .text          0x00000000        0x0 c:/program files (x86)/atmel/studio/7.0/toolchain/avr8/avr8-gnu-toolchain/bin/../lib/gcc/avr/5.4.0/../../../../avr/lib/avr5\libm.a(mulsf3.o)
 .data          0x00000000        0x0 c:/program files (x86)/atmel/studio/7.0/toolchain/avr8/avr8-gnu-toolchain/bin/../lib/gcc/avr/5.4.0/../../../../avr/lib/avr5\libm.a(mulsf3.o)
 .bss           0x00000000        0x0 c:/program files (x86)/atmel/studio/7.0/toolchain/avr8/avr8-gnu-toolchain/bin/../lib/gcc/avr/5.4.0/../../../../avr/lib/avr5\libm.a(mulsf3.o)
 .text.avr-libc.fplib
                0x00000000        0x8 c:/program files (x86)/atmel/studio/7.0/toolchain/avr8/avr8-gnu-toolchain/bin/../lib/gcc/avr/5.4.0/../../../../avr/lib/avr5\libm.a(mulsf3.o)
 .text          0x00000000        0x0 c:/program files (x86)/atmel/studio/7.0/toolchain/avr8/avr8-gnu-toolchain/bin/../lib/gcc/avr/5.4.0/../../../../avr/lib/avr5\libm.a(mulsf3x.o)
 .data          0x00000000        0x0 c:/program files (x86)/atmel/studio/7.0/toolchain/avr8/avr8-gnu-toolchain/bin/../lib/gcc/avr/5.4.0/../../../../avr/lib/avr5\libm.a(mulsf3x.o)
 .bss           0x00000000        0x0 c:/program files (x86)/atmel/studio/7.0/toolchain/avr8/avr8-gnu-toolchain/bin/../lib/gcc/avr/5.4.0/../../../../avr/lib/avr5\libm.a(mulsf3x.o)
 .text.avr-libc.fplib
                0x00000000       0xd2 c:/program files (x86)/atmel/studio/7.0/toolchain/avr8/avr8-gnu-toolchain/bin/../lib/gcc/avr/5.4.0/../../../../avr/lib/avr5\libm.a(mulsf3x.o)
 .text          0x00000000        0x0 c:/program files (x86)/atmel/studio/7.0/toolchain/avr8/avr8-gnu-toolchain/bin/../lib/gcc/avr/5.4.0/avr5\libgcc.a(_udivmodsi4.o)
 .data          0x00000000        0x0 c:/program files (x86)/atmel/studio/7.0/toolchain/avr8/avr8-gnu-toolchain/bin/../lib/gcc/avr/5.4.0/avr5\libgcc.a(_udivmodsi4.o)
 .bss           0x00000000        0x0 c:/program files (x86)/atmel/studio/7.0/toolchain/avr8/avr8-gnu-toolchain/bin/../lib/gcc/avr/5.4.0/avr5\libgcc.a(_udivmodsi4.o)
 .text.libgcc.mul
                0x00000000        0x0 c:/program files (x86)/atmel/studio/7.0/toolchain/avr8/avr8-gnu-toolchain/bin/../lib/gcc/avr/5.4.0/avr5\libgcc.a(_udivmodsi4.o)
 .text.libgcc   0x00000000        0x0 c:/program files (x86)/atmel/studio/7.0/toolchain/avr8/avr8-gnu-toolchain/bin/../lib/gcc/avr/5.4.0/avr5\libgcc.a(_udivmodsi4.o)
 .text.libgcc.prologue
                0x00000000        0x0 c:/program files (x86)/atmel/studio/7.0/toolchain/avr8/avr8-gnu-toolchain/bin/../lib/gcc/avr/5.4.0/avr5\libgcc.a(_udivmodsi4.o)
 .text.libgcc.builtins
                0x00000000        0x0 c:/program files (x86)/atmel/studio/7.0/toolchain/avr8/avr8-gnu-toolchain/bin/../lib/gcc/avr/5.4.0/avr5\libgcc.a(_udivmodsi4.o)
 .text.libgcc.fmul
                0x00000000        0x0 c:/program files (x86)/atmel/studio/7.0/toolchain/avr8/avr8-gnu-toolchain/bin/../lib/gcc/avr/5.4.0/avr5\libgcc.a(_udivmodsi4.o)
 .text.libgcc.fixed
                0x00000000        0x0 c:/program files (x86)/atmel/studio/7.0/toolchain/avr8/avr8-gnu-toolchain/bin/../lib/gcc/avr/5.4.0/avr5\libgcc.a(_udivmodsi4.o)
 .text          0x00000000        0x0 c:/program files (x86)/atmel/studio/7.0/toolchain/avr8/avr8-gnu-toolchain/bin/../lib/gcc/avr/5.4.0/avr5\libgcc.a(_exit.o)
 .data          0x00000000        0x0 c:/program files (x86)/atmel/studio/7.0/toolchain/avr8/avr8-gnu-toolchain/bin/../lib/gcc/avr/5.4.0/avr5\libgcc.a(_exit.o)
 .bss           0x00000000        0x0 c:/program files (x86)/atmel/studio/7.0/toolchain/avr8/avr8-gnu-toolchain/bin/../lib/gcc/avr/5.4.0/avr5\libgcc.a(_exit.o)
 .text.libgcc.mul
                0x00000000        0x0 c:/program files (x86)/atmel/studio/7.0/toolchain/avr8/avr8-gnu-toolchain/bin/../lib/gcc/avr/5.4.0/avr5\libgcc.a(_exit.o)
 .text.libgcc.div
                0x00000000        0x0 c:/program files (x86)/atmel/studio/7.0/toolchain/avr8/avr8-gnu-toolchain/bin/../lib/gcc/avr/5.4.0/avr5\libgcc.a(_exit.o)
 .text.libgcc   0x00000000        0x0 c:/program files (x86)/atmel/studio/7.0/toolchain/avr8/avr8-gnu-toolchain/bin/../lib/gcc/avr/5.4.0/avr5\libgcc.a(_exit.o)
 .text.libgcc.prologue
                0x00000000        0x0 c:/program files (x86)/atmel/studio/7.0/toolchain/avr8/avr8-gnu-toolchain/bin/../lib/gcc/avr/5.4.0/avr5\libgcc.a(_exit.o)
 .text.libgcc.builtins
                0x00000000        0x0 c:/program files (x86)/atmel/studio/7.0/toolchain/avr8/avr8-gnu-toolchain/bin/../lib/gcc/avr/5.4.0/avr5\libgcc.a(_exit.o)
 .text.libgcc.fmul
                0x00000000        0x0 c:/program files (x86)/atmel/studio/7.0/toolchain/avr8/avr8-gnu-toolchain/bin/../lib/gcc/avr/5.4.0/avr5\libgcc.a(_exit.o)
 .text.libgcc.fixed
                0x00000000        0x0 c:/program files (x86)/atmel/studio/7.0/toolchain/avr8/avr8-gnu-toolchain/bin/../lib/gcc/avr/5.4.0/avr5\libgcc.a(_exit.o)
 .text          0x00000000        0x0 c:/program files (x86)/atmel/studio/7.0/toolchain/avr8/avr8-gnu-toolchain/bin/../lib/gcc/avr/5.4.0/avr5\libgcc.a(_copy_data.o)
 .data          0x00000000        0x0 c:/program files (x86)/atmel/studio/7.0/toolchain/avr8/avr8-gnu-toolchain/bin/../lib/gcc/avr/5.4.0/avr5\libgcc.a(_copy_data.o)
 .bss           0x00000000        0x0 c:/program files (x86)/atmel/studio/7.0/toolchain/avr8/avr8-gnu-toolchain/bin/../lib/gcc/avr/5.4.0/avr5\libgcc.a(_copy_data.o)
 .text.libgcc.mul
                0x00000000        0x0 c:/program files (x86)/atmel/studio/7.0/toolchain/avr8/avr8-gnu-toolchain/bin/../lib/gcc/avr/5.4.0/avr5\libgcc.a(_copy_data.o)
 .text.libgcc.div
                0x00000000        0x0 c:/program files (x86)/atmel/studio/7.0/toolchain/avr8/avr8-gnu-toolchain/bin/../lib/gcc/avr/5.4.0/avr5\libgcc.a(_copy_data.o)
 .text.libgcc   0x00000000        0x0 c:/program files (x86)/atmel/studio/7.0/toolchain/avr8/avr8-gnu-toolchain/bin/../lib/gcc/avr/5.4.0/avr5\libgcc.a(_copy_data.o)
 .text.libgcc.prologue
                0x00000000        0x0 c:/program files (x86)/atmel/studio/7.0/toolchain/avr8/avr8-gnu-toolchain/bin/../lib/gcc/avr/5.4.0/avr5\libgcc.a(_copy_data.o)
 .text.libgcc.builtins
                0x00000000        0x0 c:/program files (x86)/atmel/studio/7.0/toolchain/avr8/avr8-gnu-toolchain/bin/../lib/gcc/avr/5.4.0/avr5\libgcc.a(_copy_data.o)
 .text.libgcc.fmul
                0x00000000        0x0 c:/program files (x86)/atmel/studio/7.0/toolchain/avr8/avr8-gnu-toolchain/bin/../lib/gcc/avr/5.4.0/avr5\libgcc.a(_copy_data.o)
 .text.libgcc.fixed
                0x00000000        0x0 c:/program files (x86)/atmel/studio/7.0/toolchain/avr8/avr8-gnu-toolchain/bin/../lib/gcc/avr/5.4.0/avr5\libgcc.a(_copy_data.o)
 .text          0x00000000        0x0 c:/program files (x86)/atmel/studio/7.0/toolchain/avr8/avr8-gnu-toolchain/bin/../lib/gcc/avr/5.4.0/avr5\libgcc.a(_clear_bss.o)
 .data          0x00000000        0x0 c:/program files (x86)/atmel/studio/7.0/toolchain/avr8/avr8-gnu-toolchain/bin/../lib/gcc/avr/5.4.0/avr5\libgcc.a(_clear_bss.o)
 .bss           0x00000000        0x0 c:/program files (x86)/atmel/studio/7.0/toolchain/avr8/avr8-gnu-toolchain/bin/../lib/gcc/avr/5.4.0/avr5\libgcc.a(_clear_bss.o)
 .text.libgcc.mul
                0x00000000        0x0 c:/program files (x86)/atmel/studio/7.0/toolchain/avr8/avr8-gnu-toolchain/bin/../lib/gcc/avr/5.4.0/avr5\libgcc.a(_clear_bss.o)
 .text.libgcc.div
                0x00000000        0x0 c:/program files (x86)/atmel/studio/7.0/toolchain/avr8/avr8-gnu-toolchain/bin/../lib/gcc/avr/5.4.0/avr5\libgcc.a(_clear_bss.o)
 .text.libgcc   0x00000000        0x0 c:/program files (x86)/atmel/studio/7.0/toolchain/avr8/avr8-gnu-toolchain/bin/../lib/gcc/avr/5.4.0/avr5\libgcc.a(_clear_bss.o)
 .text.libgcc.prologue
                0x00000000        0x0 c:/program files (x86)/atmel/studio/7.0/toolchain/avr8/avr8-gnu-toolchain/bin/../lib/gcc/avr/5.4.0/avr5\libgcc.a(_clear_bss.o)
 .text.libgcc.builtins
                0x00000000        0x0 c:/program files (x86)/atmel/studio/7.0/toolchain/avr8/avr8-gnu-toolchain/bin/../lib/gcc/avr/5.4.0/avr5\libgcc.a(_clear_bss.o)
 .text.libgcc.fmul
                0x00000000        0x0 c:/program files (x86)/atmel/studio/7.0/toolchain/avr8/avr8-gnu-toolchain/bin/../lib/gcc/avr/5.4.0/avr5\libgcc.a(_clear_bss.o)
 .text.libgcc.fixed
                0x00000000        0x0 c:/program files (x86)/atmel/studio/7.0/toolchain/avr8/avr8-gnu-toolchain/bin/../lib/gcc/avr/5.4.0/avr5\libgcc.a(_clear_bss.o)
 .text          0x00000000        0x0 c:/program files (x86)/atmel/studio/7.0/toolchain/avr8/avr8-gnu-toolchain/bin/../lib/gcc/avr/5.4.0/avr5\libgcc.a(_umulhisi3.o)
 .data          0x00000000        0x0 c:/program files (x86)/atmel/studio/7.0/toolchain/avr8/avr8-gnu-toolchain/bin/../lib/gcc/avr/5.4.0/avr5\libgcc.a(_umulhisi3.o)
 .bss           0x00000000        0x0 c:/program files (x86)/atmel/studio/7.0/toolchain/avr8/avr8-gnu-toolchain/bin/../lib/gcc/avr/5.4.0/avr5\libgcc.a(_umulhisi3.o)
 .text.libgcc.div
                0x00000000        0x0 c:/program files (x86)/atmel/studio/7.0/toolchain/avr8/avr8-gnu-toolchain/bin/../lib/gcc/avr/5.4.0/avr5\libgcc.a(_umulhisi3.o)
 .text.libgcc   0x00000000        0x0 c:/program files (x86)/atmel/studio/7.0/toolchain/avr8/avr8-gnu-toolchain/bin/../lib/gcc/avr/5.4.0/avr5\libgcc.a(_umulhisi3.o)
 .text.libgcc.prologue
                0x00000000        0x0 c:/program files (x86)/atmel/studio/7.0/toolchain/avr8/avr8-gnu-toolchain/bin/../lib/gcc/avr/5.4.0/avr5\libgcc.a(_umulhisi3.o)
 .text.libgcc.builtins
                0x00000000        0x0 c:/program files (x86)/atmel/studio/7.0/toolchain/avr8/avr8-gnu-toolchain/bin/../lib/gcc/avr/5.4.0/avr5\libgcc.a(_umulhisi3.o)
 .text.libgcc.fmul
                0x00000000        0x0 c:/program files (x86)/atmel/studio/7.0/toolchain/avr8/avr8-gnu-toolchain/bin/../lib/gcc/avr/5.4.0/avr5\libgcc.a(_umulhisi3.o)
 .text.libgcc.fixed
                0x00000000        0x0 c:/program files (x86)/atmel/studio/7.0/toolchain/avr8/avr8-gnu-toolchain/bin/../lib/gcc/avr/5.4.0/avr5\libgcc.a(_umulhisi3.o)

Memory Configuration

Name             Origin             Length             Attributes
text             0x00000000         0x00008000         xr
data             0x00800060         0x00000800         rw !x
eeprom           0x00810000         0x00000400         rw !x
fuse             0x00820000         0x00000002         rw !x
lock             0x00830000         0x00000400         rw !x
signature        0x00840000         0x00000400         rw !x
user_signatures  0x00850000         0x00000400         rw !x
*default*        0x00000000         0xffffffff

Linker script and memory map

LOAD C:/Program Files (x86)/Atmel/Studio/7.0/Packs/atmel/ATmega_DFP/1.7.374/gcc/dev/atmega32/avr5/crtatmega32.o
LOAD APP/main.o
LOAD HAL/BUZZER/BUZZER_prog.o
LOAD HAL/DC_MOTOR/DC_MOTOR_prog.o
LOAD HAL/EEPROM/EEPROM_prog.o
LOAD HAL/Keypad/KEYPAD_prog.o
LOAD HAL/LCD/LCD_prog.o
LOAD HAL/LED/LED_prog.o
LOAD HAL/SERVO_MOTOR/SERVO_MOTOR_prog.o
LOAD HAL/SSD/SSD_prog.o
LOAD HAL/ULTRASONIC/ULTRASONIC_prog.o
LOAD MCAL/ADC/ADC_prog.o
LOAD MCAL/DIO/DIO_prog.o
LOAD MCAL/EXTI/EXTI_prog.o
LOAD MCAL/GI/GI_prog.o
LOAD MCAL/SPI/SPI_prog.o
LOAD MCAL/TIM0/TIM0_prog.o
LOAD MCAL/TIM1/TIM1_prog.o
LOAD MCAL/TIM2/TIM2_prog.o
LOAD MCAL/TWI/TWI_prog.o
LOAD MCAL/UART/UART_prog.o
LOAD MCAL/WDT/WDT_prog.o
START GROUP
LOAD c:/program files (x86)/atmel/studio/7.0/toolchain/avr8/avr8-gnu-toolchain/bin/../lib/gcc/avr/5.4.0/../../../../avr/lib/avr5\libm.a
END GROUP
START GROUP
LOAD c:/program files (x86)/atmel/studio/7.0/toolchain/avr8/avr8-gnu-toolchain/bin/../lib/gcc/avr/5.4.0/avr5\libgcc.a
LOAD c:/program files (x86)/atmel/studio/7.0/toolchain/avr8/avr8-gnu-toolchain/bin/../lib/gcc/avr/5.4.0/../../../../avr/lib/avr5\libm.a
LOAD c:/program files (x86)/atmel/studio/7.0/toolchain/avr8/avr8-gnu-toolchain/bin/../lib/gcc/avr/5.4.0/../../../../avr/lib/avr5\libc.a
LOAD C:/Program Files (x86)/Atmel/Studio/7.0/Packs/atmel/ATmega_DFP/1.7.374/gcc/dev/atmega32/avr5\libatmega32.a
END GROUP
                0x00000000                __TEXT_REGION_ORIGIN__ = DEFINED (__TEXT_REGION_ORIGIN__)?__TEXT_REGION_ORIGIN__:0x0
                [0x00800060]                __DATA_REGION_ORIGIN__ = DEFINED (__DATA_REGION_ORIGIN__)?__DATA_REGION_ORIGIN__:0x800060
                [0x00008000]                __TEXT_REGION_LENGTH__ = DEFINED (__TEXT_REGION_LENGTH__)?__TEXT_REGION_LENGTH__:0x20000
                [0x00000800]                __DATA_REGION_LENGTH__ = DEFINED (__DATA_REGION_LENGTH__)?__DATA_REGION_LENGTH__:0xffa0
                [0x00000400]                __EEPROM_REGION_LENGTH__ = DEFINED (__EEPROM_REGION_LENGTH__)?__EEPROM_REGION_LENGTH__:0x10000
                [0x00000002]                __FUSE_REGION_LENGTH__ = DEFINED (__FUSE_REGION_LENGTH__)?__FUSE_REGION_LENGTH__:0x400
                0x00000400                __LOCK_REGION_LENGTH__ = DEFINED (__LOCK_REGION_LENGTH__)?__LOCK_REGION_LENGTH__:0x400
                0x00000400                __SIGNATURE_REGION_LENGTH__ = DEFINED (__SIGNATURE_REGION_LENGTH__)?__SIGNATURE_REGION_LENGTH__:0x400
                0x00000400                __USER_SIGNATURE_REGION_LENGTH__ = DEFINED (__USER_SIGNATURE_REGION_LENGTH__)?__USER_SIGNATURE_REGION_LENGTH__:0x400

.hash
 *(.hash)

.dynsym
 *(.dynsym)

.dynstr
 *(.dynstr)

.gnu.version
 *(.gnu.version)

.gnu.version_d
 *(.gnu.version_d)

.gnu.version_r
 *(.gnu.version_r)

.rel.init
 *(.rel.init)

.rela.init
 *(.rela.init)

.rel.text
 *(.rel.text)
 *(.rel.text.*)
 *(.rel.gnu.linkonce.t*)

.rela.text
 *(.rela.text)
 *(.rela.text.*)
 *(.rela.gnu.linkonce.t*)

.rel.fini
 *(.rel.fini)

.rela.fini
 *(.rela.fini)

.rel.rodata
 *(.rel.rodata)
 *(.rel.rodata.*)
 *(.rel.gnu.linkonce.r*)

.rela.rodata
 *(.rela.rodata)
 *(.rela.rodata.*)
 *(.rela.gnu.linkonce.r*)

.rel.data
 *(.rel.data)
 *(.rel.data.*)
 *(.rel.gnu.linkonce.d*)

.rela.data
 *(.rela.data)
 *(.rela.data.*)
 *(.rela.gnu.linkonce.d*)

.rel.ctors
 *(.rel.ctors)

.rela.ctors
 *(.rela.ctors)

.rel.dtors
 *(.rel.dtors)

.rela.dtors
 *(.rela.dtors)

.rel.got
 *(.rel.got)

.rela.got
 *(.rela.got)

.rel.bss
 *(.rel.bss)

.rela.bss
 *(.rela.bss)

.rel.plt
 *(.rel.plt)

.rela.plt
 *(.rela.plt)

.text           0x00000000      0x7dc
 *(.vectors)
 .vectors       0x00000000       0x54 C:/Program Files (x86)/Atmel/Studio/7.0/Packs/atmel/ATmega_DFP/1.7.374/gcc/dev/atmega32/avr5/crtatmega32.o
                0x00000000                __vector_default
                0x00000000                __vectors
 *(.vectors)
 *(.progmem.gcc*)
                0x00000054                . = ALIGN (0x2)
                0x00000054                __trampolines_start = .
 *(.trampolines)
 .trampolines   0x00000054        0x0 linker stubs
 *(.trampolines*)
                0x00000054                __trampolines_end = .
 *libprintf_flt.a:*(.progmem.data)
 *libc.a:*(.progmem.data)
 *(.progmem*)
                0x00000054                . = ALIGN (0x2)
 *(.jumptables)
 *(.jumptables*)
 *(.lowtext)
 *(.lowtext*)
                0x00000054                __ctors_start = .
 *(.ctors)
                0x00000054                __ctors_end = .
                0x00000054                __dtors_start = .
 *(.dtors)
                0x00000054                __dtors_end = .
 SORT(*)(.ctors)
 SORT(*)(.dtors)
 *(.init0)
 .init0         0x00000054        0x0 C:/Program Files (x86)/Atmel/Studio/7.0/Packs/atmel/ATmega_DFP/1.7.374/gcc/dev/atmega32/avr5/crtatmega32.o
                0x00000054                __init
 *(.init0)
 *(.init1)
 *(.init1)
 *(.init2)
 .init2         0x00000054        0xc C:/Program Files (x86)/Atmel/Studio/7.0/Packs/atmel/ATmega_DFP/1.7.374/gcc/dev/atmega32/avr5/crtatmega32.o
 *(.init2)
 *(.init3)
 *(.init3)
 *(.init4)
 .init4         0x00000060       0x16 c:/program files (x86)/atmel/studio/7.0/toolchain/avr8/avr8-gnu-toolchain/bin/../lib/gcc/avr/5.4.0/avr5\libgcc.a(_copy_data.o)
                0x00000060                __do_copy_data
 .init4         0x00000076       0x10 c:/program files (x86)/atmel/studio/7.0/toolchain/avr8/avr8-gnu-toolchain/bin/../lib/gcc/avr/5.4.0/avr5\libgcc.a(_clear_bss.o)
                0x00000076                __do_clear_bss
 *(.init4)
 *(.init5)
 *(.init5)
 *(.init6)
 *(.init6)
 *(.init7)
 *(.init7)
 *(.init8)
 *(.init8)
 *(.init9)
 .init9         0x00000086        0x8 C:/Program Files (x86)/Atmel/Studio/7.0/Packs/atmel/ATmega_DFP/1.7.374/gcc/dev/atmega32/avr5/crtatmega32.o
 *(.init9)
 *(.text)
 .text          0x0000008e        0x4 C:/Program Files (x86)/Atmel/Studio/7.0/Packs/atmel/ATmega_DFP/1.7.374/gcc/dev/atmega32/avr5/crtatmega32.o
                0x0000008e                __vector_12
                0x0000008e                __bad_interrupt
                0x0000008e                __vector_6
                0x0000008e                __vector_13
                0x0000008e                __vector_17
                0x0000008e                __vector_19
                0x0000008e                __vector_7
                0x0000008e                __vector_9
                0x0000008e                __vector_15
                0x0000008e                __vector_8
                0x0000008e                __vector_14
                0x0000008e                __vector_18
                0x0000008e                __vector_20
                0x00000092                . = ALIGN (0x2)
 *(.text.*)
 .text.main     0x00000092       0x34 APP/main.o
                0x00000092                main
 .text.DC_MOTOR_voidCW
                0x000000c6       0x7c HAL/DC_MOTOR/DC_MOTOR_prog.o
                0x000000c6                DC_MOTOR_voidCW
 .text.LED_voidOn
                0x00000142       0x1e HAL/LED/LED_prog.o
                0x00000142                LED_voidOn
 .text.LED_voidOff
                0x00000160       0x1e HAL/LED/LED_prog.o
                0x00000160                LED_voidOff
 .text.ULTRASONIC_u16GetDistance
                0x0000017e       0xae HAL/ULTRASONIC/ULTRASONIC_prog.o
                0x0000017e                ULTRASONIC_u16GetDistance
 .text.__vector_16
                0x0000022c       0x68 MCAL/ADC/ADC_prog.o
                0x0000022c                __vector_16
 .text.DIO_voidSetPinDir
                0x00000294       0xe6 MCAL/DIO/DIO_prog.o
                0x00000294                DIO_voidSetPinDir
 .text.DIO_voidSetPinVal
                0x0000037a       0xe6 MCAL/DIO/DIO_prog.o
                0x0000037a                DIO_voidSetPinVal
 .text.__vector_1
                0x00000460       0x4e MCAL/EXTI/EXTI_prog.o
                0x00000460                __vector_1
 .text.__vector_2
                0x000004ae       0x4e MCAL/EXTI/EXTI_prog.o
                0x000004ae                __vector_2
 .text.__vector_3
                0x000004fc       0x4e MCAL/EXTI/EXTI_prog.o
                0x000004fc                __vector_3
 .text.__vector_11
                0x0000054a       0x52 MCAL/TIM0/TIM0_prog.o
                0x0000054a                __vector_11
 .text.__vector_10
                0x0000059c       0x52 MCAL/TIM0/TIM0_prog.o
                0x0000059c                __vector_10
 .text.TIM1_voidFastPWM10BitRes
                0x000005ee       0x82 MCAL/TIM1/TIM1_prog.o
                0x000005ee                TIM1_voidFastPWM10BitRes
 .text.TIM1_voidStop
                0x00000670       0x14 MCAL/TIM1/TIM1_prog.o
                0x00000670                TIM1_voidStop
 .text.TIM1_voidReset
                0x00000684        0x6 MCAL/TIM1/TIM1_prog.o
                0x00000684                TIM1_voidReset
 .text.TIM1_voidICUDutyCycle
                0x0000068a       0x48 MCAL/TIM1/TIM1_prog.o
                0x0000068a                TIM1_voidICUDutyCycle
 .text.__vector_5
                0x000006d2       0x52 MCAL/TIM2/TIM2_prog.o
                0x000006d2                __vector_5
 .text.__vector_4
                0x00000724       0x52 MCAL/TIM2/TIM2_prog.o
                0x00000724                __vector_4
 .text.libgcc.div
                0x00000776       0x44 c:/program files (x86)/atmel/studio/7.0/toolchain/avr8/avr8-gnu-toolchain/bin/../lib/gcc/avr/5.4.0/avr5\libgcc.a(_udivmodsi4.o)
                0x00000776                __udivmodsi4
 .text.libgcc.mul
                0x000007ba       0x1e c:/program files (x86)/atmel/studio/7.0/toolchain/avr8/avr8-gnu-toolchain/bin/../lib/gcc/avr/5.4.0/avr5\libgcc.a(_umulhisi3.o)
                0x000007ba                __umulhisi3
                0x000007d8                . = ALIGN (0x2)
 *(.fini9)
 .fini9         0x000007d8        0x0 c:/program files (x86)/atmel/studio/7.0/toolchain/avr8/avr8-gnu-toolchain/bin/../lib/gcc/avr/5.4.0/avr5\libgcc.a(_exit.o)
                0x000007d8                _exit
                0x000007d8                exit
 *(.fini9)
 *(.fini8)
 *(.fini8)
 *(.fini7)
 *(.fini7)
 *(.fini6)
 *(.fini6)
 *(.fini5)
 *(.fini5)
 *(.fini4)
 *(.fini4)
 *(.fini3)
 *(.fini3)
 *(.fini2)
 *(.fini2)
 *(.fini1)
 *(.fini1)
 *(.fini0)
 .fini0         0x000007d8        0x4 c:/program files (x86)/atmel/studio/7.0/toolchain/avr8/avr8-gnu-toolchain/bin/../lib/gcc/avr/5.4.0/avr5\libgcc.a(_exit.o)
 *(.fini0)
                0x000007dc                _etext = .

.data           0x00800060        0x0 load address 0x000007dc
                0x00800060                PROVIDE (__data_start, .)
 *(.data)
 *(.data*)
 *(.gnu.linkonce.d*)
 *(.rodata)
 *(.rodata*)
 *(.gnu.linkonce.r*)
                0x00800060                . = ALIGN (0x2)
                0x00800060                _edata = .
                0x00800060                PROVIDE (__data_end, .)

.bss            0x00800060       0x12
                0x00800060                PROVIDE (__bss_start, .)
 *(.bss)
 *(.bss*)
 .bss.ADC_u16Result
                0x00800060        0x2 MCAL/ADC/ADC_prog.o
 .bss.ADC_INT_PTR
                0x00800062        0x2 MCAL/ADC/ADC_prog.o
 .bss.INT_PTR   0x00800064        0x6 MCAL/EXTI/EXTI_prog.o
                0x00800064                INT_PTR
 .bss.TIM0_PTR  0x0080006a        0x4 MCAL/TIM0/TIM0_prog.o
                0x0080006a                TIM0_PTR
 .bss.TIM2_PTR  0x0080006e        0x4 MCAL/TIM2/TIM2_prog.o
                0x0080006e                TIM2_PTR
 *(COMMON)
                0x00800072                PROVIDE (__bss_end, .)
                0x000007dc                __data_load_start = LOADADDR (.data)
                0x000007dc                __data_load_end = (__data_load_start + SIZEOF (.data))

.noinit         0x00800072        0x0
                [!provide]                PROVIDE (__noinit_start, .)
 *(.noinit*)
                [!provide]                PROVIDE (__noinit_end, .)
                0x00800072                _end = .
                [!provide]                PROVIDE (__heap_start, .)

.eeprom         0x00810000        0x0
 *(.eeprom*)
                0x00810000                __eeprom_end = .

.fuse
 *(.fuse)
 *(.lfuse)
 *(.hfuse)
 *(.efuse)

.lock
 *(.lock*)

.signature
 *(.signature*)

.user_signatures
 *(.user_signatures*)

.stab
 *(.stab)

.stabstr
 *(.stabstr)

.stab.excl
 *(.stab.excl)

.stab.exclstr
 *(.stab.exclstr)

.stab.index
 *(.stab.index)

.stab.indexstr
 *(.stab.indexstr)

.comment        0x00000000       0x30
 *(.comment)
 .comment       0x00000000       0x30 APP/main.o
                                 0x31 (size before relaxing)
 .comment       0x00000030       0x31 HAL/DC_MOTOR/DC_MOTOR_prog.o
 .comment       0x00000030       0x31 HAL/LED/LED_prog.o
 .comment       0x00000030       0x31 HAL/ULTRASONIC/ULTRASONIC_prog.o
 .comment       0x00000030       0x31 MCAL/ADC/ADC_prog.o
 .comment       0x00000030       0x31 MCAL/DIO/DIO_prog.o
 .comment       0x00000030       0x31 MCAL/EXTI/EXTI_prog.o
 .comment       0x00000030       0x31 MCAL/TIM0/TIM0_prog.o
 .comment       0x00000030       0x31 MCAL/TIM1/TIM1_prog.o
 .comment       0x00000030       0x31 MCAL/TIM2/TIM2_prog.o

.note.gnu.avr.deviceinfo
                0x00000000       0x3c
 .note.gnu.avr.deviceinfo
                0x00000000       0x3c C:/Program Files (x86)/Atmel/Studio/7.0/Packs/atmel/ATmega_DFP/1.7.374/gcc/dev/atmega32/avr5/crtatmega32.o

.note.gnu.build-id
 *(.note.gnu.build-id)

.debug
 *(.debug)

.line
 *(.line)

.debug_srcinfo
 *(.debug_srcinfo)

.debug_sfnames
 *(.debug_sfnames)

.debug_aranges  0x00000000      0x2a8
 *(.debug_aranges)
 .debug_aranges
                0x00000000       0x20 APP/main.o
 .debug_aranges
                0x00000020       0x60 HAL/DC_MOTOR/DC_MOTOR_prog.o
 .debug_aranges
                0x00000080       0x30 HAL/LED/LED_prog.o
 .debug_aranges
                0x000000b0       0x20 HAL/ULTRASONIC/ULTRASONIC_prog.o
 .debug_aranges
                0x000000d0       0x38 MCAL/ADC/ADC_prog.o
 .debug_aranges
                0x00000108       0x48 MCAL/DIO/DIO_prog.o
 .debug_aranges
                0x00000150       0x70 MCAL/EXTI/EXTI_prog.o
 .debug_aranges
                0x000001c0       0x48 MCAL/TIM0/TIM0_prog.o
 .debug_aranges
                0x00000208       0x58 MCAL/TIM1/TIM1_prog.o
 .debug_aranges
                0x00000260       0x48 MCAL/TIM2/TIM2_prog.o

.debug_pubnames
 *(.debug_pubnames)

.debug_info     0x00000000     0x1e74
 *(.debug_info .gnu.linkonce.wi.*)
 .debug_info    0x00000000      0x4e6 C:/Program Files (x86)/Atmel/Studio/7.0/Packs/atmel/ATmega_DFP/1.7.374/gcc/dev/atmega32/avr5/crtatmega32.o
 .debug_info    0x000004e6      0x1c3 APP/main.o
 .debug_info    0x000006a9      0x9ba HAL/DC_MOTOR/DC_MOTOR_prog.o
 .debug_info    0x00001063      0x1f5 HAL/LED/LED_prog.o
 .debug_info    0x00001258      0x25f HAL/ULTRASONIC/ULTRASONIC_prog.o
 .debug_info    0x000014b7      0x15d MCAL/ADC/ADC_prog.o
 .debug_info    0x00001614      0x1e9 MCAL/DIO/DIO_prog.o
 .debug_info    0x000017fd      0x1e2 MCAL/EXTI/EXTI_prog.o
 .debug_info    0x000019df      0x167 MCAL/TIM0/TIM0_prog.o
 .debug_info    0x00001b46      0x1c7 MCAL/TIM1/TIM1_prog.o
 .debug_info    0x00001d0d      0x167 MCAL/TIM2/TIM2_prog.o

.debug_abbrev   0x00000000      0xd1f
 *(.debug_abbrev)
 .debug_abbrev  0x00000000      0x4a3 C:/Program Files (x86)/Atmel/Studio/7.0/Packs/atmel/ATmega_DFP/1.7.374/gcc/dev/atmega32/avr5/crtatmega32.o
 .debug_abbrev  0x000004a3      0x128 APP/main.o
 .debug_abbrev  0x000005cb       0xb2 HAL/DC_MOTOR/DC_MOTOR_prog.o
 .debug_abbrev  0x0000067d       0x98 HAL/LED/LED_prog.o
 .debug_abbrev  0x00000715      0x12d HAL/ULTRASONIC/ULTRASONIC_prog.o
 .debug_abbrev  0x00000842       0xdc MCAL/ADC/ADC_prog.o
 .debug_abbrev  0x0000091e       0xb4 MCAL/DIO/DIO_prog.o
 .debug_abbrev  0x000009d2       0xd4 MCAL/EXTI/EXTI_prog.o
 .debug_abbrev  0x00000aa6       0xd4 MCAL/TIM0/TIM0_prog.o
 .debug_abbrev  0x00000b7a       0xd1 MCAL/TIM1/TIM1_prog.o
 .debug_abbrev  0x00000c4b       0xd4 MCAL/TIM2/TIM2_prog.o

.debug_line     0x00000000     0x1334
 *(.debug_line .debug_line.* .debug_line_end)
 .debug_line    0x00000000      0x116 C:/Program Files (x86)/Atmel/Studio/7.0/Packs/atmel/ATmega_DFP/1.7.374/gcc/dev/atmega32/avr5/crtatmega32.o
 .debug_line    0x00000116      0x1ed APP/main.o
 .debug_line    0x00000303      0x3ad HAL/DC_MOTOR/DC_MOTOR_prog.o
 .debug_line    0x000006b0       0xf8 HAL/LED/LED_prog.o
 .debug_line    0x000007a8      0x222 HAL/ULTRASONIC/ULTRASONIC_prog.o
 .debug_line    0x000009ca      0x146 MCAL/ADC/ADC_prog.o
 .debug_line    0x00000b10      0x1dc MCAL/DIO/DIO_prog.o
 .debug_line    0x00000cec      0x1c8 MCAL/EXTI/EXTI_prog.o
 .debug_line    0x00000eb4      0x154 MCAL/TIM0/TIM0_prog.o
 .debug_line    0x00001008      0x1de MCAL/TIM1/TIM1_prog.o
 .debug_line    0x000011e6      0x14e MCAL/TIM2/TIM2_prog.o

.debug_frame    0x00000000      0x6f0
 *(.debug_frame)
 .debug_frame   0x00000000       0x24 APP/main.o
 .debug_frame   0x00000024       0xd4 HAL/DC_MOTOR/DC_MOTOR_prog.o
 .debug_frame   0x000000f8       0x68 HAL/LED/LED_prog.o
 .debug_frame   0x00000160       0x34 HAL/ULTRASONIC/ULTRASONIC_prog.o
 .debug_frame   0x00000194       0x9c MCAL/ADC/ADC_prog.o
 .debug_frame   0x00000230       0x74 MCAL/DIO/DIO_prog.o
 .debug_frame   0x000002a4      0x19c MCAL/EXTI/EXTI_prog.o
 .debug_frame   0x00000440      0x104 MCAL/TIM0/TIM0_prog.o
 .debug_frame   0x00000544       0xa8 MCAL/TIM1/TIM1_prog.o
 .debug_frame   0x000005ec      0x104 MCAL/TIM2/TIM2_prog.o

.debug_str      0x00000000      0x932
 *(.debug_str)
 .debug_str     0x00000000      0x196 C:/Program Files (x86)/Atmel/Studio/7.0/Packs/atmel/ATmega_DFP/1.7.374/gcc/dev/atmega32/avr5/crtatmega32.o
 .debug_str     0x00000196      0x1d3 APP/main.o
                                0x20c (size before relaxing)
 .debug_str     0x00000369      0x145 HAL/DC_MOTOR/DC_MOTOR_prog.o
                                0x29d (size before relaxing)
 .debug_str     0x000004ae       0x92 HAL/LED/LED_prog.o
                                0x1e7 (size before relaxing)
 .debug_str     0x00000540       0x6f HAL/ULTRASONIC/ULTRASONIC_prog.o
                                0x251 (size before relaxing)
 .debug_str     0x000005af       0x94 MCAL/ADC/ADC_prog.o
                                0x1fb (size before relaxing)
 .debug_str     0x00000643       0x6e MCAL/DIO/DIO_prog.o
                                0x219 (size before relaxing)
 .debug_str     0x000006b1       0xfa MCAL/EXTI/EXTI_prog.o
                                0x25d (size before relaxing)
 .debug_str     0x000007ab       0x8a MCAL/TIM0/TIM0_prog.o
                                0x208 (size before relaxing)
 .debug_str     0x00000835       0x94 MCAL/TIM1/TIM1_prog.o
                                0x233 (size before relaxing)
 .debug_str     0x000008c9       0x69 MCAL/TIM2/TIM2_prog.o
                                0x206 (size before relaxing)

.debug_loc      0x00000000     0x10f0
 *(.debug_loc)
 .debug_loc     0x00000000       0x70 APP/main.o
 .debug_loc     0x00000070      0x1d4 HAL/DC_MOTOR/DC_MOTOR_prog.o
 .debug_loc     0x00000244      0x195 HAL/LED/LED_prog.o
 .debug_loc     0x000003d9      0x107 HAL/ULTRASONIC/ULTRASONIC_prog.o
 .debug_loc     0x000004e0      0x10d MCAL/ADC/ADC_prog.o
 .debug_loc     0x000005ed      0x311 MCAL/DIO/DIO_prog.o
 .debug_loc     0x000008fe      0x363 MCAL/EXTI/EXTI_prog.o
 .debug_loc     0x00000c61      0x1b7 MCAL/TIM0/TIM0_prog.o
 .debug_loc     0x00000e18      0x121 MCAL/TIM1/TIM1_prog.o
 .debug_loc     0x00000f39      0x1b7 MCAL/TIM2/TIM2_prog.o

.debug_macinfo
 *(.debug_macinfo)

.debug_weaknames
 *(.debug_weaknames)

.debug_funcnames
 *(.debug_funcnames)

.debug_typenames
 *(.debug_typenames)

.debug_varnames
 *(.debug_varnames)

.debug_pubtypes
 *(.debug_pubtypes)

.debug_ranges   0x00000000      0x208
 *(.debug_ranges)
 .debug_ranges  0x00000000       0x10 APP/main.o
 .debug_ranges  0x00000010       0x50 HAL/DC_MOTOR/DC_MOTOR_prog.o
 .debug_ranges  0x00000060       0x20 HAL/LED/LED_prog.o
 .debug_ranges  0x00000080       0x10 HAL/ULTRASONIC/ULTRASONIC_prog.o
 .debug_ranges  0x00000090       0x28 MCAL/ADC/ADC_prog.o
 .debug_ranges  0x000000b8       0x38 MCAL/DIO/DIO_prog.o
 .debug_ranges  0x000000f0       0x60 MCAL/EXTI/EXTI_prog.o
 .debug_ranges  0x00000150       0x38 MCAL/TIM0/TIM0_prog.o
 .debug_ranges  0x00000188       0x48 MCAL/TIM1/TIM1_prog.o
 .debug_ranges  0x000001d0       0x38 MCAL/TIM2/TIM2_prog.o

.debug_macro
 *(.debug_macro)
OUTPUT(Application.elf elf32-avr)
LOAD linker stubs
